// Jest Snapshot v1, https://goo.gl/fbAQLP

exports[`testing action creators creates CREATE_SUCCESS when creating a to-do was successful 1`] = `
Array [
  Object {
    "payload": Object {
      "createdAt": "2017-03-02T23:04:38.003Z",
      "id": 1,
      "modifiedAt": "2017-03-22T16:44:29.034Z",
      "project": "Testing",
      "title": "Example",
    },
    "type": "GET_DATA",
  },
]
`;

exports[`testing async action creators creates CREATE_SUCCESS when creating a to-do was successful 1`] = `
Array [
  Object {
    "payload": Object {
      "data": Array [
        Object {
          "artistId": "159260351",
          "artistName": "Taylor Swift",
        },
        Object {
          "artistId": "159260352",
          "artistName": "Drake",
        },
      ],
      "pageNumber": 0,
    },
    "type": "GET_DATA",
  },
]
`;
